src/components/layout/AdminLayout.tsx(2,25): error TS2306: File 'D:/D_PROJECTS/S4/BANKING/Banking-Management/frontend/src/contexts/AuthContext.tsx' is not a module.
src/components/layout/AuthLayout.tsx(2,25): error TS2306: File 'D:/D_PROJECTS/S4/BANKING/Banking-Management/frontend/src/contexts/AuthContext.tsx' is not a module.
src/components/layout/DashboardLayout.tsx(2,25): error TS2306: File 'D:/D_PROJECTS/S4/BANKING/Banking-Management/frontend/src/contexts/AuthContext.tsx' is not a module.
src/main.tsx(4,30): error TS2306: File 'D:/D_PROJECTS/S4/BANKING/Banking-Management/frontend/src/contexts/AuthContext.tsx' is not a module.
src/pages/Accounts.tsx(3,25): error TS2306: File 'D:/D_PROJECTS/S4/BANKING/Banking-Management/frontend/src/contexts/AuthContext.tsx' is not a module.
src/pages/Accounts.tsx(5,10): error TS2305: Module '"../lib/utils"' has no exported member 'formatDate'.
src/pages/Accounts.tsx(5,22): error TS2305: Module '"../lib/utils"' has no exported member 'formatDateTime'.
src/pages/admin/AdminAccounts.tsx(4,25): error TS2306: File 'D:/D_PROJECTS/S4/BANKING/Banking-Management/frontend/src/contexts/AuthContext.tsx' is not a module.
src/pages/admin/AdminAudit.tsx(4,10): error TS2305: Module '"../../lib/utils"' has no exported member 'formatDateTime'.
src/pages/admin/AdminBranches.tsx(4,25): error TS2306: File 'D:/D_PROJECTS/S4/BANKING/Banking-Management/frontend/src/contexts/AuthContext.tsx' is not a module.
src/pages/admin/AdminDashboard.tsx(4,25): error TS2306: File 'D:/D_PROJECTS/S4/BANKING/Banking-Management/frontend/src/contexts/AuthContext.tsx' is not a module.
src/pages/admin/AdminEmployees.tsx(4,25): error TS2306: File 'D:/D_PROJECTS/S4/BANKING/Banking-Management/frontend/src/contexts/AuthContext.tsx' is not a module.
src/pages/admin/AdminLoans.tsx(4,10): error TS2305: Module '"../../lib/utils"' has no exported member 'formatDate'.
src/pages/admin/AdminLoans.tsx(5,25): error TS2306: File 'D:/D_PROJECTS/S4/BANKING/Banking-Management/frontend/src/contexts/AuthContext.tsx' is not a module.
src/pages/admin/AdminTransactions.tsx(4,25): error TS2306: File 'D:/D_PROJECTS/S4/BANKING/Banking-Management/frontend/src/contexts/AuthContext.tsx' is not a module.
src/pages/admin/AdminTransactions.tsx(5,10): error TS2305: Module '"../../lib/utils"' has no exported member 'formatDateTime'.
src/pages/Beneficiaries.tsx(3,25): error TS2306: File 'D:/D_PROJECTS/S4/BANKING/Banking-Management/frontend/src/contexts/AuthContext.tsx' is not a module.
src/pages/Beneficiaries.tsx(5,10): error TS2305: Module '"../lib/utils"' has no exported member 'formatDate'.
src/pages/Dashboard.tsx(3,25): error TS2306: File 'D:/D_PROJECTS/S4/BANKING/Banking-Management/frontend/src/contexts/AuthContext.tsx' is not a module.
src/pages/Dashboard.tsx(6,10): error TS2305: Module '"../lib/utils"' has no exported member 'formatDate'.
src/pages/Loans.tsx(3,25): error TS2306: File 'D:/D_PROJECTS/S4/BANKING/Banking-Management/frontend/src/contexts/AuthContext.tsx' is not a module.
src/pages/Loans.tsx(5,10): error TS2305: Module '"../lib/utils"' has no exported member 'formatDate'.
src/pages/Login.tsx(3,25): error TS2306: File 'D:/D_PROJECTS/S4/BANKING/Banking-Management/frontend/src/contexts/AuthContext.tsx' is not a module.
src/pages/Register.tsx(3,25): error TS2306: File 'D:/D_PROJECTS/S4/BANKING/Banking-Management/frontend/src/contexts/AuthContext.tsx' is not a module.
src/pages/Transfer.tsx(3,25): error TS2306: File 'D:/D_PROJECTS/S4/BANKING/Banking-Management/frontend/src/contexts/AuthContext.tsx' is not a module.
src/pages/Transfer.tsx(5,10): error TS2305: Module '"../lib/utils"' has no exported member 'formatDate'.
